// Jest Snapshot v1, https://goo.gl/fbAQLP

exports[`POST /eligibility-test/search should return fetched data 1`] = `
[
  {
    "date_naissance": "2011-01-01T23:00:00.000Z",
    "id": 123,
    "matricule": "9999999999999",
    "nom": "DUPOND",
    "organisme": "MSA",
    "prenom": "MANON",
    "situation": "jeune",
  },
]
`;
