// Jest Snapshot v1, https://goo.gl/fbAQLP

exports[`city helpers sortCities() sorts cities alphabetically 1`] = `
[
  {
    "_score": 9.662748379853596,
    "code": "75056",
    "codeDepartement": "75",
    "codeEpci": "200054781",
    "codeRegion": "11",
    "codesPostaux": [
      "75001",
      "75002",
      "75003",
      "75004",
      "75005",
      "75006",
      "75007",
      "75008",
      "75009",
      "75010",
      "75011",
      "75012",
      "75013",
      "75014",
      "75015",
      "75016",
      "75017",
      "75018",
      "75019",
      "75020",
      "75116",
    ],
    "nom": "Paris",
    "population": 2133111,
    "siren": "217500016",
  },
  {
    "_score": 0.6380991228897013,
    "code": "75111",
    "codeDepartement": "75",
    "codeRegion": "11",
    "codesPostaux": [
      "75011",
    ],
    "nom": "Paris 11e Arrondissement",
    "population": 142583,
  },
  {
    "_score": 0.7321819371363548,
    "code": "75113",
    "codeDepartement": "75",
    "codeRegion": "11",
    "codesPostaux": [
      "75013",
    ],
    "nom": "Paris 13e Arrondissement",
    "population": 178350,
  },
  {
    "_score": 0.6893347606534589,
    "code": "75116",
    "codeDepartement": "75",
    "codeRegion": "11",
    "codesPostaux": [
      "75016",
      "75116",
    ],
    "nom": "Paris 16e Arrondissement",
    "population": 162061,
  },
  {
    "_score": 0.6955215467721753,
    "code": "75117",
    "codeDepartement": "75",
    "codeRegion": "11",
    "codesPostaux": [
      "75017",
    ],
    "nom": "Paris 17e Arrondissement",
    "population": 164413,
  },
  {
    "_score": 0.3493035242613543,
    "code": "75103",
    "codeDepartement": "75",
    "codeRegion": "11",
    "codesPostaux": [
      "75003",
    ],
    "nom": "Paris 3e Arrondissement",
    "population": 32793,
  },
  {
    "_score": 0.3375481045485381,
    "code": "75104",
    "codeDepartement": "75",
    "codeRegion": "11",
    "codesPostaux": [
      "75004",
    ],
    "nom": "Paris 4e Arrondissement",
    "population": 28324,
  },
  {
    "_score": 0.5143649977206274,
    "code": "81202",
    "codeDepartement": "81",
    "codeEpci": "200066124",
    "codeRegion": "76",
    "codesPostaux": [
      "81310",
    ],
    "nom": "Parisot",
    "population": 985,
    "siren": "218102028",
  },
  {
    "_score": 0.42839249471872404,
    "code": "38485",
    "codeDepartement": "38",
    "codeEpci": "200040715",
    "codeRegion": "84",
    "codesPostaux": [
      "38170",
    ],
    "nom": "Seyssinet-Pariset",
    "population": 11753,
    "siren": "213804859",
  },
]
`;
